---
source: edgedb-composable-query/src/composable/mod.rs
assertion_line: 274
expression: "OneInnerBySelector::query()"
---
with
	_selector := (select Inner limit 1),
select (_selector) {
	req := (.req),
	opt := (.opt),
}
