---
source: edgedb-composable-query/src/composable/mod.rs
assertion_line: 262
expression: "InnerQuery::query()"
---
with
	_selector := (select Inner limit 1),
select (_selector) {
	req,
	opt
}
