---
source: edgedb-composable-query/src/composable/mod.rs
assertion_line: 163
expression: buf
---
	inner: {
		req,
		opt
	},
	some_field,
	other_field
